
> backend@0.0.1 test:e2e
> jest --config ./test/jest-e2e.json auth.e2e-spec.ts

