
> backend@0.0.1 test:e2e
> jest --config ./test/jest-e2e.json auth.e2e-spec.ts

node.exe : FAIL 
test/auth.e2e-spec.ts
At line:1 char:1
+ & "C:\Program 
Files\nodejs/node.exe" 
"C:\Program 
Files\nodejs/node_mo ...
+ ~~~~~~~~~~~~~~~~~~~~~~~~~~~~~
~~~~~~~~~~~~~~~~~~~~~~~~~~~~~~~
~~~~~~~~~
    + CategoryInfo          :  
   NotSpecified: (FAIL test/a  
  uth.e2e-spec.ts:String) []   
 , RemoteException
    + FullyQualifiedErrorId :  
   NativeCommandError
 
  Auth System (e2e)
    ├ù /auth/register (POST) 
(66 ms)
    ├ù /auth/login (POST) (37 
ms)
    ΓêÜ /auth/login (POST) - 
Fail with wrong password (9 ms)

  ΓùÅ Auth System (e2e) ΓÇ║ 
/auth/register (POST)

    expected 201 "Created", 
got 404 "Not Found"

    [0m [90m 31 |[39m       
      [33m.[39mpost([32m'/au
th/register'[39m)
     [90m 32 |[39m           
  [33m.[39msend(testUser)
    [31m[1m>[22m[39m[90m 
33 |[39m             [33m.[3
9mexpect([35m201[39m)
     [90m    |[39m           
   [31m[1m^[22m[39m
     [90m 34 |[39m           
  [33m.[39mexpect((res) 
[33m=>[39m {
     [90m 35 |[39m           
      expect(res[33m.[39mbody
)[33m.[39mtoHaveProperty([32
m'id'[39m)[33m;[39m
     [90m 36 |[39m           
      expect(res[33m.[39mbody
[33m.[39memail)[33m.[39mtoE
qual(testUser[33m.[39memail)
[33m;[39m[0m

      at Object.<anonymous> 
(auth.e2e-spec.ts:33:14)
      ----
      at Test._assertStatus (..
/node_modules/supertest/lib/tes
t.js:309:14)
      at ../node_modules/supert
est/lib/test.js:365:13
      at Test._assertFunction (
../node_modules/supertest/lib/t
est.js:342:13)
      at Test.assert (../node_m
odules/supertest/lib/test.js:19
5:23)
      at localAssert (../node_m
odules/supertest/lib/test.js:13
8:14)
      at Server.<anonymous> (..
/node_modules/supertest/lib/tes
t.js:152:11)

  ΓùÅ Auth System (e2e) ΓÇ║ 
/auth/login (POST)

    expected 201 "Created", 
got 401 "Unauthorized"

    [0m [90m 46 |[39m       
          password[33m:[39m t
estUser[33m.[39mpassword[33m
,[39m
     [90m 47 |[39m           
  })
    [31m[1m>[22m[39m[90m 
48 |[39m             [33m.[3
9mexpect([35m201[39m) 
[90m// NestJS defaults POST 
to 201[39m
     [90m    |[39m           
   [31m[1m^[22m[39m
     [90m 49 |[39m           
  [33m.[39mexpect((res) 
[33m=>[39m {
     [90m 50 |[39m           
      expect(res[33m.[39mbody
)[33m.[39mtoHaveProperty([32
m'access_token'[39m)[33m;[39
m
     [90m 51 |[39m           
      accessToken [33m=[39m r
es[33m.[39mbody[33m.[39macc
ess_token[33m;[39m[0m

      at Object.<anonymous> 
(auth.e2e-spec.ts:48:14)
      ----
      at Test._assertStatus (..
/node_modules/supertest/lib/tes
t.js:309:14)
      at ../node_modules/supert
est/lib/test.js:365:13
      at Test._assertFunction (
../node_modules/supertest/lib/t
est.js:342:13)
      at Test.assert (../node_m
odules/supertest/lib/test.js:19
5:23)
      at localAssert (../node_m
odules/supertest/lib/test.js:13
8:14)
      at Server.<anonymous> (..
/node_modules/supertest/lib/tes
t.js:152:11)

Test Suites: 1 failed, 1 total
Tests:       2 failed, 1 
passed, 3 total
Snapshots:   0 total
Time:        3.985 s, 
estimated 5 s
Ran all test suites matching 
auth.e2e-spec.ts.
